0:0:0:0:0:0:0:1 - - [23/Nov/2020:11:05:22 +0800] "GET /LibraryManageSystem/guangliyuan.html HTTP/1.1" 304 - http-bio-8080-exec-2 3
0:0:0:0:0:0:0:1 - - [23/Nov/2020:11:05:23 +0800] "GET /LibraryManageSystem/guangliyuan.html HTTP/1.1" 304 - http-bio-8080-exec-2 3
0:0:0:0:0:0:0:1 - - [23/Nov/2020:11:05:41 +0800] "GET /LibraryManageSystem/guangliyuan.html HTTP/1.1" 304 - http-bio-8080-exec-2 3
0:0:0:0:0:0:0:1 - - [23/Nov/2020:11:05:43 +0800] "GET /LibraryManageSystem/guangliyuan.html HTTP/1.1" 304 - http-bio-8080-exec-2 2
0:0:0:0:0:0:0:1 - - [23/Nov/2020:11:05:45 +0800] "GET /LibraryManageSystem HTTP/1.1" 302 - http-bio-8080-exec-2 0
0:0:0:0:0:0:0:1 - - [23/Nov/2020:11:05:46 +0800] "GET /LibraryManageSystem/notice/findDetails HTTP/1.1" 200 58 http-bio-8080-exec-2 6
0:0:0:0:0:0:0:1 - - [23/Nov/2020:11:05:46 +0800] "GET /LibraryManageSystem/css/login.css HTTP/1.1" 304 - http-bio-8080-exec-2 5
192.168.1.47 - - [23/Nov/2020:11:05:51 +0800] "POST /LibraryManageSystem/user/login HTTP/1.1" 200 51 http-bio-8080-exec-10 11
0:0:0:0:0:0:0:1 - - [23/Nov/2020:11:05:52 +0800] "POST /LibraryManageSystem/user/login HTTP/1.1" 200 40 http-bio-8080-exec-2 6
0:0:0:0:0:0:0:1 - - [23/Nov/2020:11:05:52 +0800] "GET /LibraryManageSystem/main_menu.html HTTP/1.1" 304 - http-bio-8080-exec-2 39
0:0:0:0:0:0:0:1 - - [23/Nov/2020:11:05:52 +0800] "GET /LibraryManageSystem/img/bookhub.png HTTP/1.1" 304 - http-bio-8080-exec-6 14
0:0:0:0:0:0:0:1 - - [23/Nov/2020:11:05:52 +0800] "GET /LibraryManageSystem/img/history.png HTTP/1.1" 304 - http-bio-8080-exec-2 27
0:0:0:0:0:0:0:1 - - [23/Nov/2020:11:05:52 +0800] "GET /LibraryManageSystem/img/bookcase.png HTTP/1.1" 304 - http-bio-8080-exec-4 27
0:0:0:0:0:0:0:1 - - [23/Nov/2020:11:05:52 +0800] "GET /LibraryManageSystem/img/information_chage.png HTTP/1.1" 304 - http-bio-8080-exec-9 29
0:0:0:0:0:0:0:1 - - [23/Nov/2020:11:05:53 +0800] "GET /LibraryManageSystem/information/user_information.html HTTP/1.1" 304 - http-bio-8080-exec-9 15
0:0:0:0:0:0:0:1 - - [23/Nov/2020:11:05:53 +0800] "GET /LibraryManageSystem/user/findByLoginId?loginId=WYU HTTP/1.1" 200 209 http-bio-8080-exec-9 17
0:0:0:0:0:0:0:1 - - [23/Nov/2020:11:08:38 +0800] "GET /LibraryManageSystem HTTP/1.1" 302 - http-bio-8080-exec-1 0
0:0:0:0:0:0:0:1 - - [23/Nov/2020:11:08:38 +0800] "GET /LibraryManageSystem/notice/findDetails HTTP/1.1" 200 58 http-bio-8080-exec-1 20
0:0:0:0:0:0:0:1 - - [23/Nov/2020:11:08:44 +0800] "POST /LibraryManageSystem/user/login HTTP/1.1" 200 40 http-bio-8080-exec-1 6
192.168.1.47 - - [23/Nov/2020:11:09:02 +0800] "GET /LibraryManageSystem/login/user_login.html HTTP/1.1" 200 2861 http-bio-8080-exec-10 43
192.168.1.47 - - [23/Nov/2020:11:09:02 +0800] "GET /LibraryManageSystem/img/signup.png HTTP/1.1" 200 33827 http-bio-8080-exec-10 17
192.168.1.47 - - [23/Nov/2020:11:09:11 +0800] "POST /LibraryManageSystem/user/login HTTP/1.1" 200 40 http-bio-8080-exec-10 10
192.168.1.47 - - [23/Nov/2020:11:09:11 +0800] "GET /LibraryManageSystem/main_menu.html HTTP/1.1" 200 4087 http-bio-8080-exec-10 1
192.168.1.47 - - [23/Nov/2020:11:09:11 +0800] "GET /LibraryManageSystem/img/logo.png HTTP/1.1" 304 - http-bio-8080-exec-10 3
192.168.1.47 - - [23/Nov/2020:11:09:11 +0800] "GET /LibraryManageSystem/img/menu.png HTTP/1.1" 304 - http-bio-8080-exec-4 4
192.168.1.47 - - [23/Nov/2020:11:09:11 +0800] "GET /LibraryManageSystem/img/history.png HTTP/1.1" 304 - http-bio-8080-exec-4 2
192.168.1.47 - - [23/Nov/2020:11:09:11 +0800] "GET /LibraryManageSystem/img/bookhub.png HTTP/1.1" 304 - http-bio-8080-exec-10 1
192.168.1.47 - - [23/Nov/2020:11:09:11 +0800] "GET /LibraryManageSystem/img/bookcase.png HTTP/1.1" 304 - http-bio-8080-exec-9 2
192.168.1.47 - - [23/Nov/2020:11:09:11 +0800] "GET /LibraryManageSystem/img/information_chage.png HTTP/1.1" 304 - http-bio-8080-exec-7 2
192.168.1.47 - - [23/Nov/2020:11:09:11 +0800] "GET /LibraryManageSystem/font/iconfont.woff2 HTTP/1.1" 304 - http-bio-8080-exec-7 1
0:0:0:0:0:0:0:1 - - [23/Nov/2020:11:09:37 +0800] "GET /LibraryManageSystem/user/findByLoginId?loginId=WYU HTTP/1.1" 200 209 http-bio-8080-exec-1 6
192.168.1.47 - - [23/Nov/2020:11:09:45 +0800] "POST /LibraryManageSystem/user/login HTTP/1.1" 200 40 http-bio-8080-exec-7 11
192.168.1.47 - - [23/Nov/2020:11:10:56 +0800] "POST /LibraryManageSystem/user/login HTTP/1.1" 200 51 http-bio-8080-exec-8 8
192.168.1.80 - - [23/Nov/2020:11:11:51 +0800] "GET /LibraryManageSystem/user/findAll HTTP/1.1" 200 3424 http-bio-8080-exec-3 8
192.168.1.80 - - [23/Nov/2020:11:13:03 +0800] "GET /LibraryManageSystem/user/findAll HTTP/1.1" 200 3424 http-bio-8080-exec-10 14
192.168.1.47 - - [23/Nov/2020:11:13:18 +0800] "POST /LibraryManageSystem/user/login HTTP/1.1" 200 46 http-bio-8080-exec-9 7
192.168.1.80 - - [23/Nov/2020:11:14:02 +0800] "GET /LibraryManageSystem/user/findAll HTTP/1.1" 200 3424 http-bio-8080-exec-10 12
192.168.1.47 - - [23/Nov/2020:11:14:37 +0800] "GET /LibraryManageSystem/login/user_login.html HTTP/1.1" 304 - http-bio-8080-exec-2 2
192.168.1.80 - - [23/Nov/2020:11:14:57 +0800] "GET /LibraryManageSystem/user/findAll HTTP/1.1" 200 3424 http-bio-8080-exec-10 9
192.168.1.47 - - [23/Nov/2020:11:15:47 +0800] "POST /LibraryManageSystem/user/login HTTP/1.1" 200 51 http-bio-8080-exec-3 10
192.168.1.80 - - [23/Nov/2020:11:16:47 +0800] "GET /LibraryManageSystem/user/findAll HTTP/1.1" 200 3424 http-bio-8080-exec-1 11
192.168.1.47 - - [23/Nov/2020:11:16:55 +0800] "POST /LibraryManageSystem/user/login HTTP/1.1" 200 51 http-bio-8080-exec-9 9
192.168.1.47 - - [23/Nov/2020:11:16:58 +0800] "POST /LibraryManageSystem/user/login HTTP/1.1" 200 51 http-bio-8080-exec-9 11
192.168.1.47 - - [23/Nov/2020:11:17:11 +0800] "POST /LibraryManageSystem/user/login HTTP/1.1" 200 51 http-bio-8080-exec-9 5
192.168.1.47 - - [23/Nov/2020:11:20:57 +0800] "POST /LibraryManageSystem/user/login HTTP/1.1" 200 46 http-bio-8080-exec-6 9
192.168.1.47 - - [23/Nov/2020:11:24:57 +0800] "POST /LibraryManageSystem/user/login HTTP/1.1" 200 51 http-bio-8080-exec-10 11
192.168.1.47 - - [23/Nov/2020:11:26:25 +0800] "POST /LibraryManageSystem/user/login HTTP/1.1" 200 46 http-bio-8080-exec-3 9
192.168.1.47 - - [23/Nov/2020:11:28:05 +0800] "GET /LibraryManageSystem/login/user_login.html HTTP/1.1" 304 - http-bio-8080-exec-8 3
192.168.1.80 - - [23/Nov/2020:11:29:04 +0800] "GET /LibraryManageSystem/user/findAll HTTP/1.1" 200 3424 http-bio-8080-exec-9 14
0:0:0:0:0:0:0:1 - - [23/Nov/2020:11:30:30 +0800] "GET /LibraryManageSystem HTTP/1.1" 302 - http-bio-8080-exec-6 0
0:0:0:0:0:0:0:1 - - [23/Nov/2020:11:30:30 +0800] "GET /LibraryManageSystem/ HTTP/1.1" 304 - http-bio-8080-exec-6 51
0:0:0:0:0:0:0:1 - - [23/Nov/2020:11:30:31 +0800] "GET /LibraryManageSystem/notice/findDetails HTTP/1.1" 200 58 http-bio-8080-exec-6 6
0:0:0:0:0:0:0:1 - - [23/Nov/2020:11:30:33 +0800] "GET /LibraryManageSystem/register/register.html HTTP/1.1" 200 6803 http-bio-8080-exec-6 4
192.168.1.14 - - [23/Nov/2020:11:30:45 +0800] "GET /LibraryManageSystem/ HTTP/1.1" 200 3619 http-bio-8080-exec-4 1
192.168.1.14 - - [23/Nov/2020:11:30:46 +0800] "GET /LibraryManageSystem/img/signup.png HTTP/1.1" 200 33827 http-bio-8080-exec-4 4
192.168.1.14 - - [23/Nov/2020:11:30:46 +0800] "GET /LibraryManageSystem/img/manage.png HTTP/1.1" 200 37829 http-bio-8080-exec-4 2
192.168.1.14 - - [23/Nov/2020:11:30:46 +0800] "GET /LibraryManageSystem/img/register.png HTTP/1.1" 200 28144 http-bio-8080-exec-4 13
192.168.1.14 - - [23/Nov/2020:11:30:46 +0800] "GET /LibraryManageSystem/notice/findDetails HTTP/1.1" 200 58 http-bio-8080-exec-4 11
192.168.1.14 - - [23/Nov/2020:11:30:47 +0800] "GET /favicon.ico HTTP/1.1" 404 - http-bio-8080-exec-4 0
192.168.1.14 - - [23/Nov/2020:11:31:21 +0800] "GET /LibraryManageSystem/register/register.html HTTP/1.1" 200 6803 http-bio-8080-exec-4 4
192.168.1.14 - - [23/Nov/2020:11:31:21 +0800] "GET /LibraryManageSystem/css/login.css HTTP/1.1" 200 978 http-bio-8080-exec-4 4
0:0:0:0:0:0:0:1 - - [23/Nov/2020:11:31:23 +0800] "GET /LibraryManageSystem/register/register.html HTTP/1.1" 304 - http-bio-8080-exec-1 6
192.168.1.80 - - [23/Nov/2020:11:31:38 +0800] "GET /LibraryManageSystem/user/findAll HTTP/1.1" 200 3424 http-bio-8080-exec-7 5
0:0:0:0:0:0:0:1 - - [23/Nov/2020:11:31:48 +0800] "GET /LibraryManageSystem/register/register.html HTTP/1.1" 304 - http-bio-8080-exec-1 1
0:0:0:0:0:0:0:1 - - [23/Nov/2020:11:32:04 +0800] "GET /LibraryManageSystem/register/register.html HTTP/1.1" 304 - http-bio-8080-exec-1 3
192.168.1.80 - - [23/Nov/2020:11:32:31 +0800] "GET /LibraryManageSystem/user/findAll HTTP/1.1" 200 3424 http-bio-8080-exec-7 17
0:0:0:0:0:0:0:1 - - [23/Nov/2020:11:32:31 +0800] "GET /LibraryManageSystem/register/register.html HTTP/1.1" 200 6799 http-bio-8080-exec-1 1
0:0:0:0:0:0:0:1 - - [23/Nov/2020:11:32:43 +0800] "GET /LibraryManageSystem/register/register.html HTTP/1.1" 304 - http-bio-8080-exec-1 2
0:0:0:0:0:0:0:1 - - [23/Nov/2020:11:32:51 +0800] "GET /LibraryManageSystem/register/register.html HTTP/1.1" 304 - http-bio-8080-exec-1 1
0:0:0:0:0:0:0:1 - - [23/Nov/2020:11:32:52 +0800] "GET /LibraryManageSystem/register/register.html HTTP/1.1" 304 - http-bio-8080-exec-1 1
0:0:0:0:0:0:0:1 - - [23/Nov/2020:11:32:59 +0800] "GET /LibraryManageSystem/register/register.html HTTP/1.1" 304 - http-bio-8080-exec-1 1
192.168.1.80 - - [23/Nov/2020:11:33:02 +0800] "GET /LibraryManageSystem/user/findAll HTTP/1.1" 200 3424 http-bio-8080-exec-7 12
0:0:0:0:0:0:0:1 - - [23/Nov/2020:11:33:43 +0800] "GET /LibraryManageSystem/register/register.html HTTP/1.1" 304 - http-bio-8080-exec-1 2
192.168.1.47 - - [23/Nov/2020:11:34:07 +0800] "GET /LibraryManageSystem/login/user_login.html HTTP/1.1" 304 - http-bio-8080-exec-5 3
192.168.1.80 - - [23/Nov/2020:11:34:07 +0800] "GET /LibraryManageSystem/user/findAll HTTP/1.1" 200 3424 http-bio-8080-exec-2 8
192.168.1.47 - - [23/Nov/2020:11:34:26 +0800] "POST /LibraryManageSystem/user/login HTTP/1.1" 200 51 http-bio-8080-exec-5 9
192.168.1.47 - - [23/Nov/2020:11:34:32 +0800] "POST /LibraryManageSystem/user/login HTTP/1.1" 200 51 http-bio-8080-exec-5 9
192.168.1.47 - - [23/Nov/2020:11:34:32 +0800] "POST /LibraryManageSystem/user/login HTTP/1.1" 200 51 http-bio-8080-exec-5 8
192.168.1.47 - - [23/Nov/2020:11:34:32 +0800] "POST /LibraryManageSystem/user/login HTTP/1.1" 200 51 http-bio-8080-exec-5 9
192.168.1.47 - - [23/Nov/2020:11:34:33 +0800] "POST /LibraryManageSystem/user/login HTTP/1.1" 200 51 http-bio-8080-exec-5 9
192.168.1.47 - - [23/Nov/2020:11:34:36 +0800] "POST /LibraryManageSystem/user/login HTTP/1.1" 200 51 http-bio-8080-exec-5 9
192.168.1.47 - - [23/Nov/2020:11:34:37 +0800] "POST /LibraryManageSystem/user/login HTTP/1.1" 200 51 http-bio-8080-exec-5 9
192.168.1.47 - - [23/Nov/2020:11:34:37 +0800] "POST /LibraryManageSystem/user/login HTTP/1.1" 200 51 http-bio-8080-exec-5 9
192.168.1.47 - - [23/Nov/2020:11:34:38 +0800] "POST /LibraryManageSystem/user/login HTTP/1.1" 200 51 http-bio-8080-exec-5 13
192.168.1.47 - - [23/Nov/2020:11:34:38 +0800] "POST /LibraryManageSystem/user/login HTTP/1.1" 200 51 http-bio-8080-exec-5 5
192.168.1.47 - - [23/Nov/2020:11:34:38 +0800] "POST /LibraryManageSystem/user/login HTTP/1.1" 200 51 http-bio-8080-exec-5 9
192.168.1.47 - - [23/Nov/2020:11:34:38 +0800] "POST /LibraryManageSystem/user/login HTTP/1.1" 200 51 http-bio-8080-exec-5 3
192.168.1.47 - - [23/Nov/2020:11:34:39 +0800] "POST /LibraryManageSystem/user/login HTTP/1.1" 200 51 http-bio-8080-exec-5 8
192.168.1.47 - - [23/Nov/2020:11:34:39 +0800] "POST /LibraryManageSystem/user/login HTTP/1.1" 200 51 http-bio-8080-exec-5 9
192.168.1.47 - - [23/Nov/2020:11:34:39 +0800] "POST /LibraryManageSystem/user/login HTTP/1.1" 200 51 http-bio-8080-exec-5 8
192.168.1.47 - - [23/Nov/2020:11:34:40 +0800] "POST /LibraryManageSystem/user/login HTTP/1.1" 200 51 http-bio-8080-exec-5 10
192.168.1.47 - - [23/Nov/2020:11:34:40 +0800] "POST /LibraryManageSystem/user/login HTTP/1.1" 200 51 http-bio-8080-exec-5 8
192.168.1.47 - - [23/Nov/2020:11:34:40 +0800] "POST /LibraryManageSystem/user/login HTTP/1.1" 200 51 http-bio-8080-exec-5 8
192.168.1.47 - - [23/Nov/2020:11:34:41 +0800] "POST /LibraryManageSystem/user/login HTTP/1.1" 200 51 http-bio-8080-exec-5 7
192.168.1.47 - - [23/Nov/2020:11:34:41 +0800] "POST /LibraryManageSystem/user/login HTTP/1.1" 200 51 http-bio-8080-exec-5 7
192.168.1.47 - - [23/Nov/2020:11:34:42 +0800] "POST /LibraryManageSystem/user/login HTTP/1.1" 200 51 http-bio-8080-exec-5 7
192.168.1.47 - - [23/Nov/2020:11:34:42 +0800] "POST /LibraryManageSystem/user/login HTTP/1.1" 200 51 http-bio-8080-exec-5 7
192.168.1.47 - - [23/Nov/2020:11:34:42 +0800] "POST /LibraryManageSystem/user/login HTTP/1.1" 200 51 http-bio-8080-exec-5 12
192.168.1.47 - - [23/Nov/2020:11:34:43 +0800] "POST /LibraryManageSystem/user/login HTTP/1.1" 200 51 http-bio-8080-exec-5 9
192.168.1.47 - - [23/Nov/2020:11:34:43 +0800] "POST /LibraryManageSystem/user/login HTTP/1.1" 200 51 http-bio-8080-exec-4 9
192.168.1.47 - - [23/Nov/2020:11:34:45 +0800] "POST /LibraryManageSystem/user/login HTTP/1.1" 200 51 http-bio-8080-exec-4 9
192.168.1.80 - - [23/Nov/2020:11:35:15 +0800] "GET /LibraryManageSystem/user/findAll HTTP/1.1" 200 3424 http-bio-8080-exec-6 13
0:0:0:0:0:0:0:1 - - [23/Nov/2020:11:35:41 +0800] "GET /LibraryManageSystem/register/register.html HTTP/1.1" 304 - http-bio-8080-exec-3 2
192.168.1.80 - - [23/Nov/2020:11:35:41 +0800] "GET /LibraryManageSystem/user/findAll HTTP/1.1" 200 3424 http-bio-8080-exec-6 15
0:0:0:0:0:0:0:1 - - [23/Nov/2020:11:35:53 +0800] "GET /LibraryManageSystem/register/register.html HTTP/1.1" 304 - http-bio-8080-exec-3 1
0:0:0:0:0:0:0:1 - - [23/Nov/2020:11:36:05 +0800] "GET /LibraryManageSystem/register/register.html HTTP/1.1" 304 - http-bio-8080-exec-3 1
0:0:0:0:0:0:0:1 - - [23/Nov/2020:11:36:15 +0800] "GET /LibraryManageSystem/register/register.html HTTP/1.1" 304 - http-bio-8080-exec-3 2
192.168.1.14 - - [23/Nov/2020:11:37:20 +0800] "GET /LibraryManageSystem/register/register.html HTTP/1.1" 200 6799 http-bio-8080-exec-9 3
192.168.1.14 - - [23/Nov/2020:11:38:55 +0800] "POST /LibraryManageSystem/user/register HTTP/1.1" 200 23 http-bio-8080-exec-4 129
192.168.1.14 - - [23/Nov/2020:11:38:55 +0800] "GET /LibraryManageSystem/main_menu.html HTTP/1.1" 200 4087 http-bio-8080-exec-4 0
192.168.1.14 - - [23/Nov/2020:11:38:55 +0800] "GET /LibraryManageSystem/img/menu.png HTTP/1.1" 200 49393 http-bio-8080-exec-2 2
192.168.1.14 - - [23/Nov/2020:11:38:55 +0800] "GET /LibraryManageSystem/img/logo.png HTTP/1.1" 200 124353 http-bio-8080-exec-4 14
192.168.1.14 - - [23/Nov/2020:11:38:55 +0800] "GET /LibraryManageSystem/img/history.png HTTP/1.1" 200 41870 http-bio-8080-exec-3 2
192.168.1.14 - - [23/Nov/2020:11:38:55 +0800] "GET /LibraryManageSystem/img/bookhub.png HTTP/1.1" 200 51420 http-bio-8080-exec-10 1
192.168.1.14 - - [23/Nov/2020:11:38:55 +0800] "GET /LibraryManageSystem/font/iconfont.woff2 HTTP/1.1" 200 2128 http-bio-8080-exec-9 2
192.168.1.14 - - [23/Nov/2020:11:38:55 +0800] "GET /LibraryManageSystem/img/information_chage.png HTTP/1.1" 200 41530 http-bio-8080-exec-4 2
192.168.1.14 - - [23/Nov/2020:11:38:55 +0800] "GET /LibraryManageSystem/img/bookcase.png HTTP/1.1" 200 46814 http-bio-8080-exec-2 3
192.168.1.80 - - [23/Nov/2020:11:40:59 +0800] "GET /LibraryManageSystem/user/findAll HTTP/1.1" 200 3629 http-bio-8080-exec-7 13
192.168.1.47 - - [23/Nov/2020:11:41:43 +0800] "POST /LibraryManageSystem/user/login HTTP/1.1" 200 51 http-bio-8080-exec-6 13
0:0:0:0:0:0:0:1 - - [23/Nov/2020:11:43:07 +0800] "GET /LibraryManageSystem/register/register.html HTTP/1.1" 304 - http-bio-8080-exec-5 3
0:0:0:0:0:0:0:1 - - [23/Nov/2020:11:43:07 +0800] "GET /LibraryManageSystem/img/register.png HTTP/1.1" 304 - http-bio-8080-exec-5 2
192.168.1.47 - - [23/Nov/2020:11:43:11 +0800] "POST /LibraryManageSystem/user/login HTTP/1.1" 200 51 http-bio-8080-exec-9 10
192.168.1.80 - - [23/Nov/2020:11:43:39 +0800] "GET /LibraryManageSystem/user/findAll HTTP/1.1" 200 3629 http-bio-8080-exec-8 8
192.168.1.80 - - [23/Nov/2020:11:43:59 +0800] "GET /LibraryManageSystem/user/findAll HTTP/1.1" 200 3629 http-bio-8080-exec-8 9
192.168.1.80 - - [23/Nov/2020:11:44:53 +0800] "GET /LibraryManageSystem/user/findAll HTTP/1.1" 200 3629 http-bio-8080-exec-8 6
192.168.1.80 - - [23/Nov/2020:11:47:48 +0800] "GET /LibraryManageSystem/user/findAll HTTP/1.1" 200 3629 http-bio-8080-exec-10 11
192.168.1.80 - - [23/Nov/2020:11:49:07 +0800] "GET /LibraryManageSystem/user/findAll HTTP/1.1" 200 3629 http-bio-8080-exec-2 11
192.168.1.80 - - [23/Nov/2020:11:49:40 +0800] "GET /LibraryManageSystem/user/findAll HTTP/1.1" 200 3629 http-bio-8080-exec-2 11
192.168.1.80 - - [23/Nov/2020:11:53:13 +0800] "GET /LibraryManageSystem/user/findAll HTTP/1.1" 200 3629 http-bio-8080-exec-3 7
192.168.1.47 - - [23/Nov/2020:11:56:41 +0800] "GET /LibraryManageSystem/ HTTP/1.1" 200 3619 http-bio-8080-exec-9 3
192.168.1.47 - - [23/Nov/2020:11:56:41 +0800] "GET /LibraryManageSystem/img/register.png HTTP/1.1" 200 28144 http-bio-8080-exec-9 3
192.168.1.47 - - [23/Nov/2020:11:56:42 +0800] "GET /LibraryManageSystem/notice/findDetails HTTP/1.1" 200 58 http-bio-8080-exec-9 9
192.168.1.80 - - [23/Nov/2020:11:57:52 +0800] "GET /LibraryManageSystem/user/findAll HTTP/1.1" 200 3629 http-bio-8080-exec-1 12
192.168.1.80 - - [23/Nov/2020:12:00:24 +0800] "GET /LibraryManageSystem/user/findAll HTTP/1.1" 200 3629 http-bio-8080-exec-2 11
192.168.1.14 - - [23/Nov/2020:12:01:33 +0800] "POST /LibraryManageSystem/user/register HTTP/1.1" 200 48 http-bio-8080-exec-3 9
0:0:0:0:0:0:0:1 - - [23/Nov/2020:14:26:57 +0800] "GET /LibraryManageSystem HTTP/1.1" 302 - http-bio-8080-exec-2 0
0:0:0:0:0:0:0:1 - - [23/Nov/2020:14:26:57 +0800] "GET /LibraryManageSystem/ HTTP/1.1" 304 - http-bio-8080-exec-3 61
0:0:0:0:0:0:0:1 - - [23/Nov/2020:14:26:57 +0800] "GET /LibraryManageSystem/img/signup.png HTTP/1.1" 304 - http-bio-8080-exec-4 20
0:0:0:0:0:0:0:1 - - [23/Nov/2020:14:26:57 +0800] "GET /LibraryManageSystem/img/manage.png HTTP/1.1" 304 - http-bio-8080-exec-5 17
0:0:0:0:0:0:0:1 - - [23/Nov/2020:14:26:58 +0800] "GET /favicon.ico HTTP/1.1" 404 - http-bio-8080-exec-1 0
0:0:0:0:0:0:0:1 - - [23/Nov/2020:14:26:59 +0800] "GET /LibraryManageSystem/notice/findDetails HTTP/1.1" 200 58 http-bio-8080-exec-6 1140
192.168.1.14 - - [23/Nov/2020:14:36:56 +0800] "GET /LibraryManageSystem/ HTTP/1.1" 304 - http-bio-8080-exec-9 6
192.168.1.14 - - [23/Nov/2020:14:36:58 +0800] "GET /LibraryManageSystem/notice/findDetails HTTP/1.1" 200 58 http-bio-8080-exec-10 12
192.168.1.14 - - [23/Nov/2020:14:36:58 +0800] "GET /favicon.ico HTTP/1.1" 404 - http-bio-8080-exec-10 0
192.168.1.14 - - [23/Nov/2020:14:39:08 +0800] "GET /LibraryManageSystem/register/register.html HTTP/1.1" 304 - http-bio-8080-exec-5 47
192.168.1.47 - - [23/Nov/2020:14:41:25 +0800] "GET /LibraryManageSystem/login/admin_login.html HTTP/1.1" 304 - http-bio-8080-exec-8 36
192.168.1.47 - - [23/Nov/2020:14:44:33 +0800] "GET /LibraryManageSystem/login/admin_login.html HTTP/1.1" 304 - http-bio-8080-exec-2 2
0:0:0:0:0:0:0:1 - - [23/Nov/2020:14:44:45 +0800] "GET /favicon.ico HTTP/1.1" 404 - http-bio-8080-exec-4 0
192.168.1.14 - - [23/Nov/2020:14:44:53 +0800] "POST /LibraryManageSystem/user/register HTTP/1.1" 200 23 http-bio-8080-exec-6 298
192.168.1.14 - - [23/Nov/2020:14:44:53 +0800] "GET /LibraryManageSystem/main_menu.html HTTP/1.1" 304 - http-bio-8080-exec-6 29
192.168.1.14 - - [23/Nov/2020:14:45:47 +0800] "GET /LibraryManageSystem/user_book.html HTTP/1.1" 200 20301 http-bio-8080-exec-6 59
192.168.1.14 - - [23/Nov/2020:14:45:53 +0800] "GET /LibraryManageSystem/user/findBorrowing HTTP/1.1" 200 12 http-bio-8080-exec-6 20
192.168.1.47 - - [23/Nov/2020:14:47:34 +0800] "GET /LibraryManageSystem/login/admin_login.html HTTP/1.1" 304 - http-bio-8080-exec-9 2
192.168.1.47 - - [23/Nov/2020:14:47:54 +0800] "GET /LibraryManageSystem/login/admin_login.html HTTP/1.1" 304 - http-bio-8080-exec-1 46
192.168.1.14 - - [23/Nov/2020:14:48:23 +0800] "GET /LibraryManageSystem/user/findBorrowing HTTP/1.1" 200 12 http-bio-8080-exec-4 883
192.168.1.14 - - [23/Nov/2020:14:48:28 +0800] "GET /LibraryManageSystem/history/History.html HTTP/1.1" 200 18928 http-bio-8080-exec-6 64
192.168.1.14 - - [23/Nov/2020:14:48:33 +0800] "GET /LibraryManageSystem/information/user_information.html HTTP/1.1" 200 15074 http-bio-8080-exec-7 40
192.168.1.14 - - [23/Nov/2020:14:48:33 +0800] "GET /LibraryManageSystem/user/findByLoginId?loginId=WYU HTTP/1.1" 200 215 http-bio-8080-exec-8 50
192.168.1.47 - - [23/Nov/2020:14:49:00 +0800] "GET /LibraryManageSystem/login/admin_login.html HTTP/1.1" 304 - http-bio-8080-exec-10 7
192.168.1.14 - - [23/Nov/2020:14:49:08 +0800] "GET /LibraryManageSystem/main_menu.html HTTP/1.1" 304 - http-bio-8080-exec-9 5
192.168.1.14 - - [23/Nov/2020:14:49:31 +0800] "GET /LibraryManageSystem/notice/findDetails HTTP/1.1" 200 58 http-bio-8080-exec-9 26
192.168.1.14 - - [23/Nov/2020:14:49:40 +0800] "GET /LibraryManageSystem/login/user_login.html HTTP/1.1" 200 2845 http-bio-8080-exec-9 11
192.168.1.14 - - [23/Nov/2020:14:50:16 +0800] "GET /LibraryManageSystem/register/register.html HTTP/1.1" 304 - http-bio-8080-exec-9 3
0:0:0:0:0:0:0:1 - - [23/Nov/2020:14:52:04 +0800] "GET /LibraryManageSystem/login/user_login.html HTTP/1.1" 200 2862 http-bio-8080-exec-4 3
0:0:0:0:0:0:0:1 - - [23/Nov/2020:14:52:14 +0800] "GET /LibraryManageSystem/login/user_login.html HTTP/1.1" 304 - http-bio-8080-exec-4 4
192.168.1.14 - - [23/Nov/2020:14:55:01 +0800] "GET /LibraryManageSystem/register/register.html HTTP/1.1" 304 - http-bio-8080-exec-10 8
192.168.1.14 - - [23/Nov/2020:14:55:28 +0800] "GET /LibraryManageSystem/register/register.html HTTP/1.1" 304 - http-bio-8080-exec-10 4
192.168.1.14 - - [23/Nov/2020:14:57:34 +0800] "GET /LibraryManageSystem/register/register.html HTTP/1.1" 304 - http-bio-8080-exec-5 5
192.168.1.14 - - [23/Nov/2020:14:59:39 +0800] "GET /LibraryManageSystem/register/register.html HTTP/1.1" 304 - http-bio-8080-exec-4 2
192.168.1.47 - - [23/Nov/2020:14:59:56 +0800] "POST /LibraryManageSystem/user/login HTTP/1.1" 200 51 http-bio-8080-exec-3 63
0:0:0:0:0:0:0:1 - - [23/Nov/2020:15:01:57 +0800] "GET /LibraryManageSystem/login/user_login.html HTTP/1.1" 200 2939 http-bio-8080-exec-7 4
192.168.1.47 - - [23/Nov/2020:15:02:21 +0800] "GET /LibraryManageSystem/login/user_login.html HTTP/1.1" 200 2939 http-bio-8080-exec-5 4
192.168.1.14 - - [23/Nov/2020:15:03:31 +0800] "GET /LibraryManageSystem/register/register.html HTTP/1.1" 304 - http-bio-8080-exec-9 1
192.168.1.47 - - [23/Nov/2020:15:04:01 +0800] "POST /LibraryManageSystem/user/login HTTP/1.1" 200 51 http-bio-8080-exec-3 14
192.168.1.47 - - [23/Nov/2020:15:05:28 +0800] "GET /LibraryManageSystem/login/user_login.html HTTP/1.1" 200 3109 http-bio-8080-exec-1 48
192.168.1.47 - - [23/Nov/2020:15:05:50 +0800] "GET /LibraryManageSystem/login/user_login.html HTTP/1.1" 304 - http-bio-8080-exec-3 3
192.168.1.47 - - [23/Nov/2020:15:06:29 +0800] "GET /LibraryManageSystem/login/user_login.html HTTP/1.1" 304 - http-bio-8080-exec-4 7
192.168.1.47 - - [23/Nov/2020:15:06:35 +0800] "GET /LibraryManageSystem/login/user_login.html HTTP/1.1" 304 - http-bio-8080-exec-6 5
192.168.1.47 - - [23/Nov/2020:15:06:36 +0800] "GET /LibraryManageSystem/login/user_login.html HTTP/1.1" 304 - http-bio-8080-exec-7 4
192.168.1.47 - - [23/Nov/2020:15:06:37 +0800] "GET /LibraryManageSystem/login/user_login.html HTTP/1.1" 304 - http-bio-8080-exec-8 3
192.168.1.47 - - [23/Nov/2020:15:06:57 +0800] "POST /LibraryManageSystem/user/login HTTP/1.1" 200 46 http-bio-8080-exec-9 986
192.168.1.14 - - [23/Nov/2020:15:07:18 +0800] "POST /LibraryManageSystem/user/register HTTP/1.1" 200 48 http-bio-8080-exec-1 10
192.168.1.47 - - [23/Nov/2020:15:07:44 +0800] "GET /LibraryManageSystem/login/user_login.html HTTP/1.1" 200 3109 http-bio-8080-exec-10 2
192.168.1.47 - - [23/Nov/2020:15:07:50 +0800] "GET /LibraryManageSystem/login/user_login.html HTTP/1.1" 304 - http-bio-8080-exec-10 4
192.168.1.47 - - [23/Nov/2020:15:08:15 +0800] "POST /LibraryManageSystem/user/login HTTP/1.1" 200 51 http-bio-8080-exec-10 11
192.168.1.47 - - [23/Nov/2020:15:08:37 +0800] "GET /LibraryManageSystem/login/user_login.html HTTP/1.1" 304 - http-bio-8080-exec-10 4
192.168.1.47 - - [23/Nov/2020:15:08:50 +0800] "POST /LibraryManageSystem/user/login HTTP/1.1" 200 46 http-bio-8080-exec-10 13
192.168.1.47 - - [23/Nov/2020:15:09:21 +0800] "GET /LibraryManageSystem/login/user_login.html HTTP/1.1" 304 - http-bio-8080-exec-10 5
192.168.1.47 - - [23/Nov/2020:15:10:50 +0800] "POST /LibraryManageSystem/user/login HTTP/1.1" 200 51 http-bio-8080-exec-4 12
192.168.1.47 - - [23/Nov/2020:15:11:23 +0800] "GET /LibraryManageSystem/login/user_login.html HTTP/1.1" 304 - http-bio-8080-exec-4 4
192.168.1.47 - - [23/Nov/2020:15:11:32 +0800] "POST /LibraryManageSystem/user/login HTTP/1.1" 200 46 http-bio-8080-exec-4 14
192.168.1.47 - - [23/Nov/2020:15:11:46 +0800] "GET /LibraryManageSystem/login/user_login.html HTTP/1.1" 304 - http-bio-8080-exec-4 4
192.168.1.14 - - [23/Nov/2020:15:11:46 +0800] "GET /LibraryManageSystem/register/register.html HTTP/1.1" 304 - http-bio-8080-exec-9 2
192.168.1.47 - - [23/Nov/2020:15:12:49 +0800] "POST /LibraryManageSystem/user/login HTTP/1.1" 200 46 http-bio-8080-exec-10 16
192.168.1.47 - - [23/Nov/2020:15:13:12 +0800] "GET /LibraryManageSystem/login/user_login.html HTTP/1.1" 304 - http-bio-8080-exec-10 3
192.168.1.14 - - [23/Nov/2020:15:14:29 +0800] "GET /LibraryManageSystem/register/register.html HTTP/1.1" 304 - http-bio-8080-exec-2 3
192.168.1.47 - - [23/Nov/2020:15:14:33 +0800] "POST /LibraryManageSystem/user/login HTTP/1.1" 200 51 http-bio-8080-exec-4 5
192.168.1.79 - - [23/Nov/2020:15:15:05 +0800] "GET /LibraryManageSystem/user/findAll HTTP/1.1" 200 3834 http-bio-8080-exec-3 53
192.168.1.47 - - [23/Nov/2020:15:15:05 +0800] "GET /LibraryManageSystem/login/user_login.html HTTP/1.1" 304 - http-bio-8080-exec-4 3
192.168.1.79 - - [23/Nov/2020:15:15:16 +0800] "GET /LibraryManageSystem/user/findAll HTTP/1.1" 200 3834 http-bio-8080-exec-3 10
192.168.1.79 - - [23/Nov/2020:15:15:22 +0800] "GET /LibraryManageSystem/user/findAll HTTP/1.1" 200 3834 http-bio-8080-exec-3 8
192.168.1.47 - - [23/Nov/2020:15:15:25 +0800] "GET /LibraryManageSystem/login/admin_login.html HTTP/1.1" 200 3130 http-bio-8080-exec-4 4
192.168.1.79 - - [23/Nov/2020:15:15:32 +0800] "GET /LibraryManageSystem/user/findAll HTTP/1.1" 200 3834 http-bio-8080-exec-3 9
192.168.1.79 - - [23/Nov/2020:15:15:54 +0800] "GET /LibraryManageSystem/user/findAll HTTP/1.1" 200 3834 http-bio-8080-exec-3 8
192.168.1.79 - - [23/Nov/2020:15:15:55 +0800] "GET /LibraryManageSystem/user/findAll HTTP/1.1" 200 3834 http-bio-8080-exec-3 8
192.168.1.79 - - [23/Nov/2020:15:15:58 +0800] "GET /LibraryManageSystem/user/findAll HTTP/1.1" 200 3834 http-bio-8080-exec-3 8
192.168.1.79 - - [23/Nov/2020:15:15:58 +0800] "GET /LibraryManageSystem/user/findAll HTTP/1.1" 200 3834 http-bio-8080-exec-3 7
192.168.1.79 - - [23/Nov/2020:15:15:59 +0800] "GET /LibraryManageSystem/user/findAll HTTP/1.1" 200 3834 http-bio-8080-exec-3 8
192.168.1.79 - - [23/Nov/2020:15:16:03 +0800] "GET /LibraryManageSystem/user/findAll HTTP/1.1" 200 3834 http-bio-8080-exec-3 8
192.168.1.79 - - [23/Nov/2020:15:16:06 +0800] "GET /LibraryManageSystem/user/findAll HTTP/1.1" 200 3834 http-bio-8080-exec-3 11
192.168.1.79 - - [23/Nov/2020:15:16:06 +0800] "GET /LibraryManageSystem/user/findAll HTTP/1.1" 200 3834 http-bio-8080-exec-3 8
192.168.1.79 - - [23/Nov/2020:15:16:07 +0800] "GET /LibraryManageSystem/user/findAll HTTP/1.1" 200 3834 http-bio-8080-exec-3 6
192.168.1.79 - - [23/Nov/2020:15:16:07 +0800] "GET /LibraryManageSystem/user/findAll HTTP/1.1" 200 3834 http-bio-8080-exec-3 5
192.168.1.79 - - [23/Nov/2020:15:16:07 +0800] "GET /LibraryManageSystem/user/findAll HTTP/1.1" 200 3834 http-bio-8080-exec-3 6
192.168.1.79 - - [23/Nov/2020:15:16:07 +0800] "GET /LibraryManageSystem/user/findAll HTTP/1.1" 200 3834 http-bio-8080-exec-3 7
192.168.1.79 - - [23/Nov/2020:15:16:07 +0800] "GET /LibraryManageSystem/user/findAll HTTP/1.1" 200 3834 http-bio-8080-exec-3 7
192.168.1.47 - - [23/Nov/2020:15:16:10 +0800] "GET /LibraryManageSystem/login/admin_login.html HTTP/1.1" 304 - http-bio-8080-exec-4 2
192.168.1.79 - - [23/Nov/2020:15:16:30 +0800] "GET /LibraryManageSystem/user/findAll HTTP/1.1" 200 3834 http-bio-8080-exec-3 6
0:0:0:0:0:0:0:1 - - [23/Nov/2020:15:17:07 +0800] "GET /LibraryManageSystem/bookhub2.html HTTP/1.1" 200 34193 http-bio-8080-exec-6 3
0:0:0:0:0:0:0:1 - - [23/Nov/2020:15:17:08 +0800] "GET /LibraryManageSystem/@/img/logo.png HTTP/1.1" 404 1019 http-bio-8080-exec-6 7
0:0:0:0:0:0:0:1 - - [23/Nov/2020:15:17:08 +0800] "GET /LibraryManageSystem/@/img/logo.png HTTP/1.1" 404 1019 http-bio-8080-exec-6 1
192.168.1.79 - - [23/Nov/2020:15:17:08 +0800] "GET /LibraryManageSystem/user/findAll HTTP/1.1" 200 3834 http-bio-8080-exec-3 7
192.168.1.47 - - [23/Nov/2020:15:17:47 +0800] "GET /LibraryManageSystem/login/admin_login.html HTTP/1.1" 304 - http-bio-8080-exec-8 4
192.168.1.79 - - [23/Nov/2020:15:17:56 +0800] "GET /LibraryManageSystem/user/findAll HTTP/1.1" 200 3834 http-bio-8080-exec-3 7
192.168.1.79 - - [23/Nov/2020:15:18:02 +0800] "GET /LibraryManageSystem/user/findAll HTTP/1.1" 200 3834 http-bio-8080-exec-3 6
192.168.1.47 - - [23/Nov/2020:15:18:46 +0800] "GET /LibraryManageSystem/login/admin_login.html HTTP/1.1" 304 - http-bio-8080-exec-8 4
0:0:0:0:0:0:0:1 - - [23/Nov/2020:15:21:55 +0800] "GET /LibraryManageSystem/bookhub2.html HTTP/1.1" 404 1017 http-bio-8080-exec-1 3
0:0:0:0:0:0:0:1 - - [23/Nov/2020:15:22:11 +0800] "GET /LibraryManageSystem/bookhubAdmin.html HTTP/1.1" 200 34193 http-bio-8080-exec-1 5
0:0:0:0:0:0:0:1 - - [23/Nov/2020:15:22:12 +0800] "GET /LibraryManageSystem/@/img/logo.png HTTP/1.1" 404 1019 http-bio-8080-exec-1 1
0:0:0:0:0:0:0:1 - - [23/Nov/2020:15:22:15 +0800] "GET /LibraryManageSystem/bookhubAdmin.html HTTP/1.1" 304 - http-bio-8080-exec-1 1
0:0:0:0:0:0:0:1 - - [23/Nov/2020:15:22:15 +0800] "GET /LibraryManageSystem/@/img/logo.png HTTP/1.1" 404 1019 http-bio-8080-exec-1 1
0:0:0:0:0:0:0:1 - - [23/Nov/2020:15:22:16 +0800] "GET /LibraryManageSystem/@/img/logo.png HTTP/1.1" 404 1019 http-bio-8080-exec-1 1
192.168.1.79 - - [23/Nov/2020:15:22:16 +0800] "GET /LibraryManageSystem/user/findAll HTTP/1.1" 200 3834 http-bio-8080-exec-3 7
192.168.1.79 - - [23/Nov/2020:15:23:28 +0800] "GET /LibraryManageSystem/user/findAll HTTP/1.1" 200 3834 http-bio-8080-exec-10 8
192.168.1.79 - - [23/Nov/2020:15:23:40 +0800] "GET /LibraryManageSystem/user/findAll HTTP/1.1" 200 3834 http-bio-8080-exec-10 6
0:0:0:0:0:0:0:1 - - [23/Nov/2020:15:25:08 +0800] "GET /LibraryManageSystem/book/addBook HTTP/1.1" 400 968 http-bio-8080-exec-7 74
192.168.1.14 - - [23/Nov/2020:15:25:38 +0800] "GET /LibraryManageSystem/register/register.html HTTP/1.1" 304 - http-bio-8080-exec-5 1
192.168.1.79 - - [23/Nov/2020:15:28:31 +0800] "GET /LibraryManageSystem/user/findAll HTTP/1.1" 200 3834 http-bio-8080-exec-1 49
192.168.1.79 - - [23/Nov/2020:15:28:35 +0800] "GET /LibraryManageSystem/user/findAll HTTP/1.1" 200 3834 http-bio-8080-exec-2 7
0:0:0:0:0:0:0:1 - - [23/Nov/2020:15:29:07 +0800] "GET /LibraryManageSystem/bookhubAdmin.html HTTP/1.1" 200 34148 http-bio-8080-exec-10 35
0:0:0:0:0:0:0:1 - - [23/Nov/2020:15:29:08 +0800] "GET /LibraryManageSystem/@/img/logo.png HTTP/1.1" 404 1019 http-bio-8080-exec-10 2
0:0:0:0:0:0:0:1 - - [23/Nov/2020:15:29:09 +0800] "GET /LibraryManageSystem/@/img/logo.png HTTP/1.1" 404 1019 http-bio-8080-exec-10 1
192.168.1.79 - - [23/Nov/2020:15:29:09 +0800] "GET /LibraryManageSystem/user/findAll HTTP/1.1" 200 3834 http-bio-8080-exec-9 7
0:0:0:0:0:0:0:1 - - [23/Nov/2020:15:29:22 +0800] "GET /LibraryManageSystem/bookhubAdmin.html HTTP/1.1" 200 34147 http-bio-8080-exec-10 2
0:0:0:0:0:0:0:1 - - [23/Nov/2020:15:29:23 +0800] "GET /img/logo.png HTTP/1.1" 404 - http-bio-8080-exec-10 0
0:0:0:0:0:0:0:1 - - [23/Nov/2020:15:29:23 +0800] "GET /img/logo.png HTTP/1.1" 404 - http-bio-8080-exec-10 0
192.168.1.79 - - [23/Nov/2020:15:29:23 +0800] "GET /LibraryManageSystem/user/findAll HTTP/1.1" 200 3834 http-bio-8080-exec-9 11
0:0:0:0:0:0:0:1 - - [23/Nov/2020:15:29:25 +0800] "GET /LibraryManageSystem/bookhubAdmin.html HTTP/1.1" 304 - http-bio-8080-exec-10 1
0:0:0:0:0:0:0:1 - - [23/Nov/2020:15:29:25 +0800] "GET /img/logo.png HTTP/1.1" 404 - http-bio-8080-exec-10 0
0:0:0:0:0:0:0:1 - - [23/Nov/2020:15:29:25 +0800] "GET /img/logo.png HTTP/1.1" 404 - http-bio-8080-exec-10 0
192.168.1.79 - - [23/Nov/2020:15:29:25 +0800] "GET /LibraryManageSystem/user/findAll HTTP/1.1" 200 3834 http-bio-8080-exec-9 7
0:0:0:0:0:0:0:1 - - [23/Nov/2020:15:29:30 +0800] "GET /LibraryManageSystem/bookhubAdmin.html HTTP/1.1" 304 - http-bio-8080-exec-10 2
0:0:0:0:0:0:0:1 - - [23/Nov/2020:15:29:30 +0800] "GET /img/logo.png HTTP/1.1" 404 - http-bio-8080-exec-10 0
0:0:0:0:0:0:0:1 - - [23/Nov/2020:15:29:32 +0800] "GET /img/logo.png HTTP/1.1" 404 - http-bio-8080-exec-10 0
192.168.1.79 - - [23/Nov/2020:15:29:32 +0800] "GET /LibraryManageSystem/user/findAll HTTP/1.1" 200 3834 http-bio-8080-exec-9 7
192.168.1.79 - - [23/Nov/2020:15:30:42 +0800] "GET /LibraryManageSystem/user/findAll HTTP/1.1" 200 3834 http-bio-8080-exec-5 6
192.168.1.79 - - [23/Nov/2020:15:30:46 +0800] "GET /LibraryManageSystem/user/findAll HTTP/1.1" 200 3834 http-bio-8080-exec-5 7
192.168.1.14 - - [23/Nov/2020:15:38:25 +0800] "GET /LibraryManageSystem/register/register.html HTTP/1.1" 304 - http-bio-8080-exec-6 5
192.168.1.14 - - [23/Nov/2020:15:40:01 +0800] "GET /LibraryManageSystem/login/admin_login.html HTTP/1.1" 200 3135 http-bio-8080-exec-4 40
0:0:0:0:0:0:0:1 - - [23/Nov/2020:15:41:13 +0800] "GET /LibraryManageSystem/bookhubAdmin.html HTTP/1.1" 200 34051 http-bio-8080-exec-3 3
0:0:0:0:0:0:0:1 - - [23/Nov/2020:15:41:14 +0800] "GET /img/logo.png HTTP/1.1" 404 - http-bio-8080-exec-3 0
0:0:0:0:0:0:0:1 - - [23/Nov/2020:15:41:14 +0800] "GET /img/logo.png HTTP/1.1" 404 - http-bio-8080-exec-3 0
192.168.1.79 - - [23/Nov/2020:15:41:14 +0800] "GET /LibraryManageSystem/user/findAll HTTP/1.1" 200 3834 http-bio-8080-exec-6 11
192.168.1.47 - - [23/Nov/2020:15:42:03 +0800] "POST /LibraryManageSystem/user/login HTTP/1.1" 200 39 http-bio-8080-exec-10 77
192.168.1.47 - - [23/Nov/2020:15:42:03 +0800] "GET /LibraryManageSystem/guangliyuan.html HTTP/1.1" 200 4544 http-bio-8080-exec-10 12
192.168.1.47 - - [23/Nov/2020:15:42:03 +0800] "GET /LibraryManageSystem/img/indexManager.png HTTP/1.1" 200 6261 http-bio-8080-exec-5 30
192.168.1.47 - - [23/Nov/2020:15:42:03 +0800] "GET /LibraryManageSystem/img/bookReturn.png HTTP/1.1" 200 5903 http-bio-8080-exec-4 39
192.168.1.47 - - [23/Nov/2020:15:42:03 +0800] "GET /LibraryManageSystem/img/bookWarehouse.png HTTP/1.1" 200 4540 http-bio-8080-exec-2 37
192.168.1.47 - - [23/Nov/2020:15:42:03 +0800] "GET /LibraryManageSystem/img/bookCount.png HTTP/1.1" 200 6151 http-bio-8080-exec-8 45
192.168.1.47 - - [23/Nov/2020:15:42:03 +0800] "GET /LibraryManageSystem/img/userlist.png HTTP/1.1" 200 5011 http-bio-8080-exec-10 62
192.168.1.47 - - [23/Nov/2020:15:42:03 +0800] "GET /LibraryManageSystem/img/bookitem.png HTTP/1.1" 200 37568 http-bio-8080-exec-7 63
192.168.1.47 - - [23/Nov/2020:15:42:04 +0800] "GET /LibraryManageSystem/User_list.html HTTP/1.1" 200 25280 http-bio-8080-exec-7 42
192.168.1.47 - - [23/Nov/2020:15:42:06 +0800] "GET /LibraryManageSystem/user/findAll HTTP/1.1" 200 3834 http-bio-8080-exec-7 12
0:0:0:0:0:0:0:1 - - [23/Nov/2020:15:42:11 +0800] "GET /LibraryManageSystem/bookhubAdmin.html HTTP/1.1" 200 34042 http-bio-8080-exec-3 4
0:0:0:0:0:0:0:1 - - [23/Nov/2020:15:42:11 +0800] "GET /img/logo.png HTTP/1.1" 404 - http-bio-8080-exec-3 0
0:0:0:0:0:0:0:1 - - [23/Nov/2020:15:42:12 +0800] "GET /img/logo.png HTTP/1.1" 404 - http-bio-8080-exec-3 0
192.168.1.79 - - [23/Nov/2020:15:42:12 +0800] "GET /LibraryManageSystem/user/findAll HTTP/1.1" 200 3834 http-bio-8080-exec-6 5
192.168.1.47 - - [23/Nov/2020:15:42:16 +0800] "GET /LibraryManageSystem/user/findBorrowHistory?loginId=WYU HTTP/1.1" 200 12 http-bio-8080-exec-7 133
192.168.1.47 - - [23/Nov/2020:15:42:19 +0800] "GET /LibraryManageSystem/user/findBorrowHistory?loginId=3 HTTP/1.1" 200 12 http-bio-8080-exec-7 24
192.168.1.47 - - [23/Nov/2020:15:42:20 +0800] "GET /LibraryManageSystem/user/findBorrowHistory?loginId=3 HTTP/1.1" 200 12 http-bio-8080-exec-7 19
192.168.1.47 - - [23/Nov/2020:15:42:21 +0800] "GET /LibraryManageSystem/user/findBorrowHistory?loginId=3 HTTP/1.1" 200 12 http-bio-8080-exec-7 13
192.168.1.47 - - [23/Nov/2020:15:42:25 +0800] "GET /LibraryManageSystem/searchbook_admin.html HTTP/1.1" 200 26206 http-bio-8080-exec-7 15
192.168.1.47 - - [23/Nov/2020:15:42:25 +0800] "GET /LibraryManageSystem/book/findAll HTTP/1.1" 200 720 http-bio-8080-exec-7 33
192.168.1.47 - - [23/Nov/2020:15:42:37 +0800] "GET /LibraryManageSystem/book/findBorrowHistory?bname=%E7%AC%91%E5%82%B2%E6%B1%9F%E6%B9%96 HTTP/1.1" 200 141 http-bio-8080-exec-7 67
192.168.1.47 - - [23/Nov/2020:15:42:41 +0800] "GET /LibraryManageSystem/book/findBorrowHistory?bname=%E7%AC%91%E5%82%B2%E6%B1%9F%E6%B9%96 HTTP/1.1" 200 141 http-bio-8080-exec-7 10
192.168.1.47 - - [23/Nov/2020:15:42:46 +0800] "GET /LibraryManageSystem/announce.html HTTP/1.1" 200 19029 http-bio-8080-exec-7 43
192.168.1.47 - - [23/Nov/2020:15:42:46 +0800] "GET /LibraryManageSystem/notice/findDetails HTTP/1.1" 200 58 http-bio-8080-exec-7 25
192.168.1.47 - - [23/Nov/2020:15:42:50 +0800] "POST /LibraryManageSystem/notice/updateNotice HTTP/1.1" 200 - http-bio-8080-exec-7 274
192.168.1.47 - - [23/Nov/2020:15:42:50 +0800] "GET /LibraryManageSystem/announce.html HTTP/1.1" 304 - http-bio-8080-exec-7 2
192.168.1.47 - - [23/Nov/2020:15:42:50 +0800] "GET /LibraryManageSystem/notice/findDetails HTTP/1.1" 200 62 http-bio-8080-exec-7 9
192.168.1.47 - - [23/Nov/2020:15:42:51 +0800] "POST /LibraryManageSystem/notice/updateNotice HTTP/1.1" 200 - http-bio-8080-exec-7 9
192.168.1.47 - - [23/Nov/2020:15:42:51 +0800] "GET /LibraryManageSystem/announce.html HTTP/1.1" 304 - http-bio-8080-exec-7 2
192.168.1.47 - - [23/Nov/2020:15:42:52 +0800] "GET /LibraryManageSystem/notice/findDetails HTTP/1.1" 200 62 http-bio-8080-exec-7 9
192.168.1.47 - - [23/Nov/2020:15:42:52 +0800] "POST /LibraryManageSystem/notice/updateNotice HTTP/1.1" 200 - http-bio-8080-exec-7 6
192.168.1.47 - - [23/Nov/2020:15:42:52 +0800] "GET /LibraryManageSystem/announce.html HTTP/1.1" 304 - http-bio-8080-exec-7 1
192.168.1.47 - - [23/Nov/2020:15:42:53 +0800] "GET /LibraryManageSystem/notice/findDetails HTTP/1.1" 200 62 http-bio-8080-exec-7 5
192.168.1.47 - - [23/Nov/2020:15:42:59 +0800] "GET /LibraryManageSystem/ HTTP/1.1" 304 - http-bio-8080-exec-7 41
192.168.1.47 - - [23/Nov/2020:15:42:59 +0800] "GET /LibraryManageSystem/notice/findDetails HTTP/1.1" 200 62 http-bio-8080-exec-7 7
192.168.1.47 - - [23/Nov/2020:15:43:02 +0800] "GET /LibraryManageSystem/login/user_login.html HTTP/1.1" 200 3114 http-bio-8080-exec-7 17
192.168.1.47 - - [23/Nov/2020:15:43:05 +0800] "GET /LibraryManageSystem/login/admin_login.html HTTP/1.1" 200 3135 http-bio-8080-exec-7 2
192.168.1.47 - - [23/Nov/2020:15:43:10 +0800] "POST /LibraryManageSystem/user/login HTTP/1.1" 200 39 http-bio-8080-exec-7 11
192.168.1.47 - - [23/Nov/2020:15:43:13 +0800] "GET /LibraryManageSystem/managebook_admin.html HTTP/1.1" 200 27086 http-bio-8080-exec-7 66
192.168.1.47 - - [23/Nov/2020:15:43:14 +0800] "GET /LibraryManageSystem/book/findAll HTTP/1.1" 200 720 http-bio-8080-exec-7 20
192.168.1.47 - - [23/Nov/2020:15:43:24 +0800] "GET /LibraryManageSystem/user/findAll HTTP/1.1" 200 3834 http-bio-8080-exec-7 11
192.168.1.47 - - [23/Nov/2020:15:43:32 +0800] "GET /LibraryManageSystem HTTP/1.1" 302 - http-bio-8080-exec-7 0
192.168.1.47 - - [23/Nov/2020:15:43:32 +0800] "GET /LibraryManageSystem/notice/findDetails HTTP/1.1" 200 62 http-bio-8080-exec-7 10
192.168.1.47 - - [23/Nov/2020:15:43:42 +0800] "GET /LibraryManageSystem/register/register.html HTTP/1.1" 200 6799 http-bio-8080-exec-7 2
192.168.1.47 - - [23/Nov/2020:15:44:20 +0800] "POST /LibraryManageSystem/user/register HTTP/1.1" 200 23 http-bio-8080-exec-7 176
192.168.1.47 - - [23/Nov/2020:15:44:20 +0800] "GET /LibraryManageSystem/main_menu.html HTTP/1.1" 304 - http-bio-8080-exec-7 26
192.168.1.47 - - [23/Nov/2020:15:44:23 +0800] "GET /LibraryManageSystem/history/History.html HTTP/1.1" 200 18928 http-bio-8080-exec-7 45
192.168.1.47 - - [23/Nov/2020:15:44:26 +0800] "GET /LibraryManageSystem/searchbook_user.html HTTP/1.1" 200 26899 http-bio-8080-exec-7 42
192.168.1.47 - - [23/Nov/2020:15:44:27 +0800] "GET /LibraryManageSystem/book/findAll HTTP/1.1" 200 720 http-bio-8080-exec-7 12
0:0:0:0:0:0:0:1 - - [23/Nov/2020:15:44:29 +0800] "GET /LibraryManageSystem/bookhubAdmin.html HTTP/1.1" 200 34022 http-bio-8080-exec-11 4
0:0:0:0:0:0:0:1 - - [23/Nov/2020:15:44:30 +0800] "GET /img/logo.png HTTP/1.1" 404 - http-bio-8080-exec-11 0
0:0:0:0:0:0:0:1 - - [23/Nov/2020:15:44:30 +0800] "GET /img/logo.png HTTP/1.1" 404 - http-bio-8080-exec-11 0
192.168.1.79 - - [23/Nov/2020:15:44:30 +0800] "GET /LibraryManageSystem/user/findAll HTTP/1.1" 200 4031 http-bio-8080-exec-2 7
192.168.1.47 - - [23/Nov/2020:15:44:31 +0800] "GET /LibraryManageSystem/book/findByBnameOnlyOne?bname=%E6%B7%B1%E5%85%A5%E7%90%86%E8%A7%A3%E8%AE%A1%E7%AE%97%E6%9C%BA%E7%B3%BB%E7%BB%9F HTTP/1.1" 200 340 http-bio-8080-exec-7 9
192.168.1.47 - - [23/Nov/2020:15:44:34 +0800] "GET /LibraryManageSystem/user/addBorrowHistory?bname=%E6%B7%B1%E5%85%A5%E7%90%86%E8%A7%A3%E8%AE%A1%E7%AE%97%E6%9C%BA%E7%B3%BB%E7%BB%9F HTTP/1.1" 200 23 http-bio-8080-exec-7 151
192.168.1.47 - - [23/Nov/2020:15:44:36 +0800] "GET /LibraryManageSystem/searchbook_user.html HTTP/1.1" 304 - http-bio-8080-exec-7 6
192.168.1.47 - - [23/Nov/2020:15:44:37 +0800] "GET /LibraryManageSystem/book/findAll HTTP/1.1" 200 720 http-bio-8080-exec-7 14
192.168.1.47 - - [23/Nov/2020:15:44:37 +0800] "GET /LibraryManageSystem/book/findByBnameOnlyOne?bname=%E6%B7%B1%E5%85%A5%E7%90%86%E8%A7%A3%E8%AE%A1%E7%AE%97%E6%9C%BA%E7%B3%BB%E7%BB%9F HTTP/1.1" 200 340 http-bio-8080-exec-7 11
192.168.1.47 - - [23/Nov/2020:15:44:39 +0800] "GET /LibraryManageSystem/book/findByBnameOnlyOne?bname=%E6%B7%B1%E5%85%A5%E7%90%86%E8%A7%A3%E8%AE%A1%E7%AE%97%E6%9C%BA%E7%B3%BB%E7%BB%9F HTTP/1.1" 200 340 http-bio-8080-exec-7 5
192.168.1.47 - - [23/Nov/2020:15:44:43 +0800] "GET /LibraryManageSystem/information/user_information.html HTTP/1.1" 200 15074 http-bio-8080-exec-7 18
192.168.1.47 - - [23/Nov/2020:15:44:43 +0800] "GET /LibraryManageSystem/user/findByLoginId?loginId=WYU HTTP/1.1" 200 207 http-bio-8080-exec-7 12
192.168.1.47 - - [23/Nov/2020:15:44:52 +0800] "POST /LibraryManageSystem/user/updateUser HTTP/1.1" 500 4100 http-bio-8080-exec-7 87
192.168.1.47 - - [23/Nov/2020:15:44:53 +0800] "POST /LibraryManageSystem/user/updateUser HTTP/1.1" 500 4100 http-bio-8080-exec-9 4
192.168.1.47 - - [23/Nov/2020:15:44:55 +0800] "POST /LibraryManageSystem/user/updateUser HTTP/1.1" 500 4100 http-bio-8080-exec-4 10
192.168.1.47 - - [23/Nov/2020:15:44:58 +0800] "POST /LibraryManageSystem/user/updateUser HTTP/1.1" 500 4100 http-bio-8080-exec-8 10
192.168.1.47 - - [23/Nov/2020:15:45:02 +0800] "POST /LibraryManageSystem/user/updateUser HTTP/1.1" 500 4100 http-bio-8080-exec-10 3
192.168.1.47 - - [23/Nov/2020:15:45:02 +0800] "POST /LibraryManageSystem/user/updateUser HTTP/1.1" 500 4100 http-bio-8080-exec-1 13
192.168.1.47 - - [23/Nov/2020:15:45:02 +0800] "POST /LibraryManageSystem/user/updateUser HTTP/1.1" 500 4100 http-bio-8080-exec-6 9
192.168.1.47 - - [23/Nov/2020:15:45:02 +0800] "POST /LibraryManageSystem/user/updateUser HTTP/1.1" 500 4100 http-bio-8080-exec-7 5
192.168.1.47 - - [23/Nov/2020:15:45:02 +0800] "POST /LibraryManageSystem/user/updateUser HTTP/1.1" 500 4100 http-bio-8080-exec-9 6
192.168.1.47 - - [23/Nov/2020:15:45:03 +0800] "POST /LibraryManageSystem/user/updateUser HTTP/1.1" 500 4100 http-bio-8080-exec-4 11
192.168.1.47 - - [23/Nov/2020:15:45:03 +0800] "POST /LibraryManageSystem/user/updateUser HTTP/1.1" 500 4100 http-bio-8080-exec-8 24
192.168.1.47 - - [23/Nov/2020:15:45:03 +0800] "POST /LibraryManageSystem/user/updateUser HTTP/1.1" 500 4100 http-bio-8080-exec-10 6
192.168.1.47 - - [23/Nov/2020:15:45:03 +0800] "POST /LibraryManageSystem/user/updateUser HTTP/1.1" 500 4100 http-bio-8080-exec-1 3
192.168.1.47 - - [23/Nov/2020:15:45:03 +0800] "POST /LibraryManageSystem/user/updateUser HTTP/1.1" 500 4100 http-bio-8080-exec-6 10
192.168.1.47 - - [23/Nov/2020:15:45:03 +0800] "POST /LibraryManageSystem/user/updateUser HTTP/1.1" 500 4100 http-bio-8080-exec-7 7
192.168.1.47 - - [23/Nov/2020:15:45:04 +0800] "POST /LibraryManageSystem/user/updateUser HTTP/1.1" 500 4100 http-bio-8080-exec-9 8
192.168.1.47 - - [23/Nov/2020:15:45:04 +0800] "POST /LibraryManageSystem/user/updateUser HTTP/1.1" 500 4022 http-bio-8080-exec-4 3
192.168.1.47 - - [23/Nov/2020:15:45:04 +0800] "POST /LibraryManageSystem/user/updateUser HTTP/1.1" 500 4022 http-bio-8080-exec-8 5
192.168.1.47 - - [23/Nov/2020:15:45:05 +0800] "POST /LibraryManageSystem/user/updateUser HTTP/1.1" 500 4022 http-bio-8080-exec-10 4
192.168.1.47 - - [23/Nov/2020:15:45:05 +0800] "POST /LibraryManageSystem/user/updateUser HTTP/1.1" 500 4022 http-bio-8080-exec-1 7
192.168.1.47 - - [23/Nov/2020:15:45:05 +0800] "POST /LibraryManageSystem/user/updateUser HTTP/1.1" 500 4022 http-bio-8080-exec-6 10
192.168.1.47 - - [23/Nov/2020:15:45:05 +0800] "POST /LibraryManageSystem/user/updateUser HTTP/1.1" 500 4022 http-bio-8080-exec-7 7
192.168.1.47 - - [23/Nov/2020:15:45:06 +0800] "POST /LibraryManageSystem/user/updateUser HTTP/1.1" 500 4022 http-bio-8080-exec-9 3
192.168.1.47 - - [23/Nov/2020:15:45:06 +0800] "POST /LibraryManageSystem/user/updateUser HTTP/1.1" 500 4022 http-bio-8080-exec-4 8
192.168.1.47 - - [23/Nov/2020:15:45:17 +0800] "POST /LibraryManageSystem/user/updateUser HTTP/1.1" 500 4022 http-bio-8080-exec-8 10
192.168.1.47 - - [23/Nov/2020:15:45:39 +0800] "POST /LibraryManageSystem/user/updateUser HTTP/1.1" 500 4022 http-bio-8080-exec-10 3
0:0:0:0:0:0:0:1 - - [23/Nov/2020:15:45:48 +0800] "GET /LibraryManageSystem/bookhubAdmin.html HTTP/1.1" 200 33853 http-bio-8080-exec-1 2
0:0:0:0:0:0:0:1 - - [23/Nov/2020:15:45:48 +0800] "GET /img/logo.png HTTP/1.1" 404 - http-bio-8080-exec-1 0
0:0:0:0:0:0:0:1 - - [23/Nov/2020:15:45:48 +0800] "GET /img/logo.png HTTP/1.1" 404 - http-bio-8080-exec-1 0
192.168.1.79 - - [23/Nov/2020:15:45:48 +0800] "GET /LibraryManageSystem/user/findAll HTTP/1.1" 200 4031 http-bio-8080-exec-8 7
192.168.1.47 - - [23/Nov/2020:15:45:49 +0800] "GET /LibraryManageSystem/information/user_information.html HTTP/1.1" 304 - http-bio-8080-exec-11 4
192.168.1.47 - - [23/Nov/2020:15:45:49 +0800] "GET /LibraryManageSystem/user/findByLoginId?loginId=WYU HTTP/1.1" 200 207 http-bio-8080-exec-11 5
192.168.1.47 - - [23/Nov/2020:15:45:53 +0800] "POST /LibraryManageSystem/user/updateUser HTTP/1.1" 500 4022 http-bio-8080-exec-11 11
192.168.1.47 - - [23/Nov/2020:15:45:56 +0800] "GET /LibraryManageSystem/information/user_information.html HTTP/1.1" 304 - http-bio-8080-exec-2 3
192.168.1.47 - - [23/Nov/2020:15:45:56 +0800] "GET /LibraryManageSystem/user/findByLoginId?loginId=WYU HTTP/1.1" 200 207 http-bio-8080-exec-2 10
192.168.1.47 - - [23/Nov/2020:15:45:59 +0800] "GET /LibraryManageSystem/user_book.html HTTP/1.1" 200 20301 http-bio-8080-exec-2 43
192.168.1.47 - - [23/Nov/2020:15:46:00 +0800] "GET /LibraryManageSystem/user/findBorrowing HTTP/1.1" 200 100 http-bio-8080-exec-2 12
192.168.1.47 - - [23/Nov/2020:15:46:04 +0800] "GET /LibraryManageSystem/user/findBorrowing HTTP/1.1" 200 100 http-bio-8080-exec-2 18
192.168.1.47 - - [23/Nov/2020:15:46:11 +0800] "GET /LibraryManageSystem/information/user_information.html HTTP/1.1" 304 - http-bio-8080-exec-2 2
192.168.1.47 - - [23/Nov/2020:15:46:11 +0800] "GET /LibraryManageSystem/user/findByLoginId?loginId=WYU HTTP/1.1" 200 207 http-bio-8080-exec-2 6
192.168.1.47 - - [23/Nov/2020:15:46:14 +0800] "GET /LibraryManageSystem/user/findBorrowing HTTP/1.1" 200 100 http-bio-8080-exec-2 4
192.168.1.47 - - [23/Nov/2020:15:46:17 +0800] "GET /LibraryManageSystem/user/return?bname=%E6%B7%B1%E5%85%A5%E7%90%86%E8%A7%A3%E8%AE%A1%E7%AE%97%E6%9C%BA%E7%B3%BB%E7%BB%9F HTTP/1.1" 200 23 http-bio-8080-exec-2 80
192.168.1.47 - - [23/Nov/2020:15:46:17 +0800] "GET /LibraryManageSystem/user_book.html HTTP/1.1" 304 - http-bio-8080-exec-2 2
192.168.1.47 - - [23/Nov/2020:15:46:18 +0800] "GET /LibraryManageSystem/user/findBorrowing HTTP/1.1" 200 12 http-bio-8080-exec-2 4
192.168.1.47 - - [23/Nov/2020:15:46:21 +0800] "GET /LibraryManageSystem/book/findAll HTTP/1.1" 200 720 http-bio-8080-exec-2 11
192.168.1.47 - - [23/Nov/2020:15:46:29 +0800] "GET /LibraryManageSystem/book/findByBnameOnlyOne?bname=%E7%AC%91%E5%82%B2%E6%B1%9F%E6%B9%96 HTTP/1.1" 200 735 http-bio-8080-exec-2 9
192.168.1.47 - - [23/Nov/2020:15:46:30 +0800] "GET /LibraryManageSystem/user/addBorrowHistory?bname=%E7%AC%91%E5%82%B2%E6%B1%9F%E6%B9%96 HTTP/1.1" 200 23 http-bio-8080-exec-2 84
192.168.1.47 - - [23/Nov/2020:15:46:31 +0800] "GET /LibraryManageSystem/searchbook_user.html HTTP/1.1" 304 - http-bio-8080-exec-2 2
192.168.1.47 - - [23/Nov/2020:15:46:32 +0800] "GET /LibraryManageSystem/book/findAll HTTP/1.1" 200 720 http-bio-8080-exec-2 6
0:0:0:0:0:0:0:1 - - [23/Nov/2020:15:46:32 +0800] "GET /LibraryManageSystem/bookhubAdmin.html HTTP/1.1" 200 33924 http-bio-8080-exec-1 4
0:0:0:0:0:0:0:1 - - [23/Nov/2020:15:46:32 +0800] "GET /img/logo.png HTTP/1.1" 404 - http-bio-8080-exec-1 0
0:0:0:0:0:0:0:1 - - [23/Nov/2020:15:46:32 +0800] "GET /img/logo.png HTTP/1.1" 404 - http-bio-8080-exec-1 0
192.168.1.79 - - [23/Nov/2020:15:46:32 +0800] "GET /LibraryManageSystem/user/findAll HTTP/1.1" 200 4031 http-bio-8080-exec-8 7
192.168.1.47 - - [23/Nov/2020:15:46:35 +0800] "GET /LibraryManageSystem/book/findByBnameOnlyOne?bname=%E7%AC%91%E5%82%B2%E6%B1%9F%E6%B9%96 HTTP/1.1" 200 735 http-bio-8080-exec-2 7
192.168.1.47 - - [23/Nov/2020:15:46:36 +0800] "GET /LibraryManageSystem/user/addBorrowHistory?bname=%E7%AC%91%E5%82%B2%E6%B1%9F%E6%B9%96 HTTP/1.1" 200 23 http-bio-8080-exec-2 86
192.168.1.47 - - [23/Nov/2020:15:46:38 +0800] "GET /LibraryManageSystem/searchbook_user.html HTTP/1.1" 304 - http-bio-8080-exec-2 1
